Archive member included because of file (symbol)

c:/gcc/bin/../lib/gcc/arm-none-eabi/4.9.3/../../../../arm-none-eabi/lib/armv7-m\libg.a(lib_a-errno.o)
                              ./StdPeriph/stm_lib/src/_sbrk.o (__errno)
c:/gcc/bin/../lib/gcc/arm-none-eabi/4.9.3/../../../../arm-none-eabi/lib/armv7-m\libg.a(lib_a-exit.o)
                              c:/gcc/bin/../lib/gcc/arm-none-eabi/4.9.3/../../../../arm-none-eabi/lib/armv7-m/crt0.o (exit)
c:/gcc/bin/../lib/gcc/arm-none-eabi/4.9.3/../../../../arm-none-eabi/lib/armv7-m\libg.a(lib_a-impure.o)
                              c:/gcc/bin/../lib/gcc/arm-none-eabi/4.9.3/../../../../arm-none-eabi/lib/armv7-m\libg.a(lib_a-exit.o) (_global_impure_ptr)
c:/gcc/bin/../lib/gcc/arm-none-eabi/4.9.3/../../../../arm-none-eabi/lib/armv7-m\libg.a(lib_a-malloc.o)
                              ./Extention/operators.o (malloc)
c:/gcc/bin/../lib/gcc/arm-none-eabi/4.9.3/../../../../arm-none-eabi/lib/armv7-m\libg.a(lib_a-mallocr.o)
                              c:/gcc/bin/../lib/gcc/arm-none-eabi/4.9.3/../../../../arm-none-eabi/lib/armv7-m\libg.a(lib_a-malloc.o) (_malloc_r)
c:/gcc/bin/../lib/gcc/arm-none-eabi/4.9.3/../../../../arm-none-eabi/lib/armv7-m\libg.a(lib_a-memcpy.o)
                              ./Driver/usart.o (memcpy)
c:/gcc/bin/../lib/gcc/arm-none-eabi/4.9.3/../../../../arm-none-eabi/lib/armv7-m\libg.a(lib_a-memset.o)
                              c:/gcc/bin/../lib/gcc/arm-none-eabi/4.9.3/../../../../arm-none-eabi/lib/armv7-m/crt0.o (memset)
c:/gcc/bin/../lib/gcc/arm-none-eabi/4.9.3/../../../../arm-none-eabi/lib/armv7-m\libg.a(lib_a-mlock.o)
                              c:/gcc/bin/../lib/gcc/arm-none-eabi/4.9.3/../../../../arm-none-eabi/lib/armv7-m\libg.a(lib_a-mallocr.o) (__malloc_lock)
c:/gcc/bin/../lib/gcc/arm-none-eabi/4.9.3/../../../../arm-none-eabi/lib/armv7-m\libg.a(lib_a-sbrkr.o)
                              c:/gcc/bin/../lib/gcc/arm-none-eabi/4.9.3/../../../../arm-none-eabi/lib/armv7-m\libg.a(lib_a-mallocr.o) (_sbrk_r)
c:/gcc/bin/../lib/gcc/arm-none-eabi/4.9.3/../../../../arm-none-eabi/lib/armv7-m\libg.a(lib_a-__call_atexit.o)
                              c:/gcc/bin/../lib/gcc/arm-none-eabi/4.9.3/../../../../arm-none-eabi/lib/armv7-m\libg.a(lib_a-exit.o) (__call_exitprocs)
c:/gcc/bin/../lib/gcc/arm-none-eabi/4.9.3/../../../../arm-none-eabi/lib/armv7-m\libg.a(lib_a-atexit.o)
                              c:/gcc/bin/../lib/gcc/arm-none-eabi/4.9.3/../../../../arm-none-eabi/lib/armv7-m\libg.a(lib_a-__call_atexit.o) (atexit)
c:/gcc/bin/../lib/gcc/arm-none-eabi/4.9.3/../../../../arm-none-eabi/lib/armv7-m\libg.a(lib_a-freer.o)
                              c:/gcc/bin/../lib/gcc/arm-none-eabi/4.9.3/../../../../arm-none-eabi/lib/armv7-m\libg.a(lib_a-malloc.o) (_free_r)
c:/gcc/bin/../lib/gcc/arm-none-eabi/4.9.3/../../../../arm-none-eabi/lib/armv7-m\libg.a(lib_a-__atexit.o)
                              c:/gcc/bin/../lib/gcc/arm-none-eabi/4.9.3/../../../../arm-none-eabi/lib/armv7-m\libg.a(lib_a-atexit.o) (__register_exitproc)

Allocating common symbols
Common symbol       size              file

errno               0x4               ./StdPeriph/newlib/_syscalls.o

Discarded input sections

 .text          0x00000000        0x0 c:/gcc/bin/../lib/gcc/arm-none-eabi/4.9.3/armv7-m/crti.o
 .data          0x00000000        0x0 c:/gcc/bin/../lib/gcc/arm-none-eabi/4.9.3/armv7-m/crti.o
 .bss           0x00000000        0x0 c:/gcc/bin/../lib/gcc/arm-none-eabi/4.9.3/armv7-m/crti.o
 .data          0x00000000        0x4 c:/gcc/bin/../lib/gcc/arm-none-eabi/4.9.3/armv7-m/crtbegin.o
 .text          0x00000000       0x74 c:/gcc/bin/../lib/gcc/arm-none-eabi/4.9.3/../../../../arm-none-eabi/lib/armv7-m/crt0.o
 .data          0x00000000        0x0 c:/gcc/bin/../lib/gcc/arm-none-eabi/4.9.3/../../../../arm-none-eabi/lib/armv7-m/crt0.o
 .bss           0x00000000        0x0 c:/gcc/bin/../lib/gcc/arm-none-eabi/4.9.3/../../../../arm-none-eabi/lib/armv7-m/crt0.o
 .ARM.extab     0x00000000        0x0 c:/gcc/bin/../lib/gcc/arm-none-eabi/4.9.3/../../../../arm-none-eabi/lib/armv7-m/crt0.o
 .ARM.exidx     0x00000000        0x8 c:/gcc/bin/../lib/gcc/arm-none-eabi/4.9.3/../../../../arm-none-eabi/lib/armv7-m/crt0.o
 .ARM.attributes
                0x00000000       0x1b c:/gcc/bin/../lib/gcc/arm-none-eabi/4.9.3/../../../../arm-none-eabi/lib/armv7-m/crt0.o
 .group         0x00000000        0x8 ./StdPeriph/stm_lib/src/_sbrk.o
 .group         0x00000000        0x8 ./StdPeriph/stm_lib/src/_sbrk.o
 .group         0x00000000        0x8 ./StdPeriph/stm_lib/src/_sbrk.o
 .group         0x00000000        0x8 ./StdPeriph/stm_lib/src/_sbrk.o
 .group         0x00000000        0x8 ./StdPeriph/stm_lib/src/_sbrk.o
 .group         0x00000000        0x8 ./StdPeriph/stm_lib/src/_sbrk.o
 .group         0x00000000        0x8 ./StdPeriph/stm_lib/src/_sbrk.o
 .group         0x00000000        0x8 ./StdPeriph/stm_lib/src/_sbrk.o
 .group         0x00000000        0x8 ./StdPeriph/stm_lib/src/_sbrk.o
[...]
Memory Configuration

Name             Origin             Length             Attributes
RAM              0x20000000         0x00005000         xrw
CCMRAM           0x00000000         0x00000000         xrw
FLASH            0x08000000         0x00020000         xr
FLASHB1          0x00000000         0x00000000         xr
EXTMEMB0         0x00000000         0x00000000         xr
EXTMEMB1         0x00000000         0x00000000         xr
EXTMEMB2         0x00000000         0x00000000         xr
EXTMEMB3         0x00000000         0x00000000         xr
MEMORY_ARRAY     0x00000000         0x00000000         xrw
*default*        0x00000000         0xffffffff

Linker script and memory map

LOAD c:/gcc/bin/../lib/gcc/arm-none-eabi/4.9.3/armv7-m/crti.o
LOAD c:/gcc/bin/../lib/gcc/arm-none-eabi/4.9.3/armv7-m/crtbegin.o
LOAD c:/gcc/bin/../lib/gcc/arm-none-eabi/4.9.3/../../../../arm-none-eabi/lib/armv7-m/crt0.o
LOAD ./StdPeriph/stm_lib/src/_sbrk.o
LOAD ./StdPeriph/stm_lib/src/_write.o
LOAD ./StdPeriph/stm_lib/src/misc.o
LOAD ./StdPeriph/stm_lib/src/stm32f10x_adc.o
LOAD ./StdPeriph/stm_lib/src/stm32f10x_bkp.o
LOAD ./StdPeriph/stm_lib/src/stm32f10x_crc.o
LOAD ./StdPeriph/stm_lib/src/stm32f10x_dbgmcu.o
LOAD ./StdPeriph/stm_lib/src/stm32f10x_dma.o
LOAD ./StdPeriph/stm_lib/src/stm32f10x_exti.o
LOAD ./StdPeriph/stm_lib/src/stm32f10x_flash.o
LOAD ./StdPeriph/stm_lib/src/stm32f10x_gpio.o
LOAD ./StdPeriph/stm_lib/src/stm32f10x_i2c.o
LOAD ./StdPeriph/stm_lib/src/stm32f10x_iwdg.o
LOAD ./StdPeriph/stm_lib/src/stm32f10x_pwr.o
LOAD ./StdPeriph/stm_lib/src/stm32f10x_rcc.o
LOAD ./StdPeriph/stm_lib/src/stm32f10x_rtc.o
LOAD ./StdPeriph/stm_lib/src/stm32f10x_spi.o
LOAD ./StdPeriph/stm_lib/src/stm32f10x_tim.o
LOAD ./StdPeriph/stm_lib/src/stm32f10x_usart.o
LOAD ./StdPeriph/stm_lib/src/stm32f10x_wwdg.o
LOAD ./StdPeriph/stm_lib/src/trace_impl.o
LOAD ./StdPeriph/newlib/_cxx.o
LOAD ./StdPeriph/newlib/_exit.o
LOAD ./StdPeriph/newlib/_syscalls.o
LOAD ./StdPeriph/newlib/assert.o
LOAD ./StdPeriph/cmsis_boot/startup_cm.o
LOAD ./StdPeriph/cmsis_boot/startup_stm32f10x.o
LOAD ./StdPeriph/cmsis_boot/system_stm32f10x.o
LOAD ./StdPeriph/cmsis_boot/vectors_stm32f10x.o
LOAD ./Extention/delay.o
LOAD ./Extention/operators.o
LOAD ./Driver/Dma.o
LOAD ./Driver/usart.o
LOAD ./main.o
LOAD c:/gcc/bin/../lib/gcc/arm-none-eabi/4.9.3/../../../../arm-none-eabi/lib/armv7-m\libstdc++.a
LOAD c:/gcc/bin/../lib/gcc/arm-none-eabi/4.9.3/../../../../arm-none-eabi/lib/armv7-m\libm.a
START GROUP
LOAD c:/gcc/bin/../lib/gcc/arm-none-eabi/4.9.3/armv7-m\libgcc.a
LOAD c:/gcc/bin/../lib/gcc/arm-none-eabi/4.9.3/../../../../arm-none-eabi/lib/armv7-m\libg.a
LOAD c:/gcc/bin/../lib/gcc/arm-none-eabi/4.9.3/../../../../arm-none-eabi/lib/armv7-m\libc.a
END GROUP
LOAD c:/gcc/bin/../lib/gcc/arm-none-eabi/4.9.3/armv7-m/crtend.o
LOAD c:/gcc/bin/../lib/gcc/arm-none-eabi/4.9.3/armv7-m/crtn.o
                0x20005000                __stack = (ORIGIN (RAM) + 0x5000)
                0x20005000                _estack = __stack
                0x00000400                __Main_Stack_Size = 0x400
                0x00000400                PROVIDE (_Main_Stack_Size, __Main_Stack_Size)
                0x20004c00                __Main_Stack_Limit = (__stack - __Main_Stack_Size)
                0x20004c00                PROVIDE (_Main_Stack_Limit, __Main_Stack_Limit)
                0x00000400                _Minimum_Stack_Size = 0x400
                0x200008d4                PROVIDE (_Heap_Begin, _end_noinit)
                0x20004c00                PROVIDE (_Heap_Limit, (__stack - __Main_Stack_Size))

.isr_vector     0x08000000      0x2c0
 FILL mask 0xff
                0x08000000                __vectors_start = ABSOLUTE (.)
                0x08000000                __vectors_start__ = ABSOLUTE (.)
 *(.isr_vector)
 .isr_vector    0x08000000      0x1e4 ./StdPeriph/cmsis_boot/vectors_stm32f10x.o
                0x08000000                g_pfnVectors
 *(.cfmconfig)
 *(.after_vectors .after_vectors.*)
 .after_vectors
                0x080001e4       0x8c ./StdPeriph/cmsis_boot/startup_cm.o
                0x080001e4                Reset_Handler
                0x08000228                system_init
 .after_vectors
                0x08000270       0x50 ./StdPeriph/cmsis_boot/vectors_stm32f10x.o
                0x08000270                RTC_Alarm_IRQHandler
                0x08000270                EXTI2_IRQHandler
                0x08000270                TIM8_TRG_COM_IRQHandler
                0x08000270                TIM8_CC_IRQHandler
                0x08000270                USBWakeUp_IRQHandler
                0x08000270                TIM1_CC_IRQHandler
                0x08000270                I2C1_ER_IRQHandler
                0x08000270                TIM6_IRQHandler
                0x08000270                SPI3_IRQHandler
                0x08000270                PVD_IRQHandler
                0x08000270                SDIO_IRQHandler
                0x08000270                OTG_FS_IRQHandler
                0x08000270                FLASH_IRQHandler
                0x08000270                CAN2_RX1_IRQHandler
                0x08000270                EXTI3_IRQHandler
                0x08000270                TIM8_TRG_COM_TIM14_IRQHandler
                0x08000270                TIM1_UP_TIM10_IRQHandler
                0x08000270                TIM8_UP_TIM13_IRQHandler
                0x08000270                EXTI0_IRQHandler
                0x08000270                I2C2_EV_IRQHandler
                0x08000270                CAN1_RX0_IRQHandler
                0x08000270                TIM1_UP_TIM16_IRQHandler
                0x08000270                CAN1_SCE_IRQHandler
                0x08000270                CAN2_SCE_IRQHandler
                0x08000270                ADC1_2_IRQHandler
                0x08000270                SPI1_IRQHandler
                0x08000270                TAMPER_IRQHandler
                0x08000270                TIM6_DAC_IRQHandler
                0x08000270                TIM1_BRK_TIM9_IRQHandler
                0x08000270                CAN2_RX0_IRQHandler
                0x08000270                TIM8_UP_IRQHandler
                0x08000270                DMA2_Channel2_IRQHandler
                0x08000270                RTC_IRQHandler
                0x08000270                CAN1_RX1_IRQHandler
                0x08000270                ADC3_IRQHandler
                0x08000270                TIM4_IRQHandler
                0x08000270                DMA2_Channel1_IRQHandler
                0x08000270                I2C1_EV_IRQHandler
                0x08000270                DMA2_Channel4_IRQHandler
                0x08000270                TIM3_IRQHandler
                0x08000270                RCC_IRQHandler
                0x08000270                TIM8_BRK_TIM12_IRQHandler
                0x08000270                TIM1_TRG_COM_IRQHandler
                0x08000270                Default_Handler
                0x08000270                CEC_IRQHandler
                0x08000270                EXTI15_10_IRQHandler
                0x08000270                TIM14_IRQHandler
                0x08000270                TIM13_IRQHandler
                0x08000270                TIM12_IRQHandler
                0x08000270                TIM7_IRQHandler
                0x08000270                CAN2_TX_IRQHandler
                0x08000270                TIM5_IRQHandler
                0x08000270                EXTI9_5_IRQHandler
                0x08000270                ETH_WKUP_IRQHandler
                0x08000270                SPI2_IRQHandler
                0x08000270                TIM8_BRK_IRQHandler
                0x08000270                CAN1_TX_IRQHandler
                0x08000270                I2C2_ER_IRQHandler
                0x08000270                EXTI4_IRQHandler
                0x08000270                USB_LP_CAN1_RX0_IRQHandler
                0x08000270                TIM1_TRG_COM_TIM17_IRQHandler
                0x08000270                USB_HP_CAN1_TX_IRQHandler
                0x08000270                FSMC_IRQHandler
                0x08000270                ETH_IRQHandler
                0x08000270                TIM1_UP_IRQHandler
                0x08000270                WWDG_IRQHandler
                0x08000270                TIM2_IRQHandler
                0x08000270                OTG_FS_WKUP_IRQHandler
                0x08000270                TIM1_TRG_COM_TIM11_IRQHandler
                0x08000270                TIM1_BRK_IRQHandler
                0x08000270                EXTI1_IRQHandler
                0x08000270                DMA2_Channel4_5_IRQHandler
                0x08000270                TIM1_BRK_TIM15_IRQHandler
                0x08000278                NMI_Handler
                0x08000280                HardFault_Handler
                0x08000288                MemManage_Handler
                0x08000290                BusFault_Handler
                0x08000298                UsageFault_Handler
                0x080002a0                SVC_Handler
                0x080002a8                DebugMon_Handler
                0x080002b0                PendSV_Handler
                0x080002b8                SysTick_Handler

.inits          0x080002c0       0x50
                0x080002c0                __data_regions_array_start = .
                0x080002c0        0x4 LONG 0x8002afc LOADADDR (.data)
                0x080002c4        0x4 LONG 0x20000000 ADDR (.data)
                0x080002c8        0x4 LONG 0x20000854 (ADDR (.data) + SIZEOF (.data))
                0x080002cc        0x4 LONG 0x8002afc LOADADDR (.data_CCMRAM)
                0x080002d0        0x4 LONG 0x0 ADDR (.data_CCMRAM)
                0x080002d4        0x4 LONG 0x0 (ADDR (.data_CCMRAM) + SIZEOF (.data_CCMRAM))
                0x080002d8                __data_regions_array_end = .
                0x080002d8                __bss_regions_array_start = .
                0x080002d8        0x4 LONG 0x20000854 ADDR (.bss)
                0x080002dc        0x4 LONG 0x200008d4 (ADDR (.bss) + SIZEOF (.bss))
                0x080002e0        0x4 LONG 0x0 ADDR (.bss_CCMRAM)
                0x080002e4        0x4 LONG 0x0 (ADDR (.bss_CCMRAM) + SIZEOF (.bss_CCMRAM))
                0x080002e8                __bss_regions_array_end = .
 *(.init)
 .init          0x080002e8        0x4 c:/gcc/bin/../lib/gcc/arm-none-eabi/4.9.3/armv7-m/crti.o
                0x080002e8                _init
 .init          0x080002ec        0x8 c:/gcc/bin/../lib/gcc/arm-none-eabi/4.9.3/armv7-m/crtn.o
 *(.fini)
 .fini          0x080002f4        0x4 c:/gcc/bin/../lib/gcc/arm-none-eabi/4.9.3/armv7-m/crti.o
                0x080002f4                _fini
 .fini          0x080002f8        0x8 c:/gcc/bin/../lib/gcc/arm-none-eabi/4.9.3/armv7-m/crtn.o
                0x08000300                . = ALIGN (0x4)
                0x08000300                PROVIDE (__preinit_array_start, .)
 *(.preinit_array_sysinit .preinit_array_sysinit.*)
 .preinit_array_sysinit
                0x08000300        0x4 ./StdPeriph/cmsis_boot/startup_cm.o
                0x08000300                p_system_init
 *(.preinit_array_platform .preinit_array_platform.*)
 *(.preinit_array .preinit_array.*)
                0x08000304                PROVIDE (__preinit_array_end, .)
                0x08000304                . = ALIGN (0x4)
                0x08000304                PROVIDE (__init_array_start, .)
 *(SORT(.init_array.*))
 .init_array.00000
                0x08000304        0x4 c:/gcc/bin/../lib/gcc/arm-none-eabi/4.9.3/../../../../arm-none-eabi/lib/armv7-m\libg.a(lib_a-__call_atexit.o)
 *(.init_array)
 .init_array    0x08000308        0x4 c:/gcc/bin/../lib/gcc/arm-none-eabi/4.9.3/armv7-m/crtbegin.o
                0x0800030c                PROVIDE (__init_array_end, .)
                0x0800030c                . = ALIGN (0x4)
                0x0800030c                PROVIDE (__fini_array_start, .)
 *(SORT(.fini_array.*))
 *(.fini_array)
 .fini_array    0x0800030c        0x4 c:/gcc/bin/../lib/gcc/arm-none-eabi/4.9.3/armv7-m/crtbegin.o
                0x08000310                PROVIDE (__fini_array_end, .)

.flashtext
 *(.flashtext .flashtext.*)

.text           0x08000310     0x27ec
 *(.text .text.*)
 .text          0x08000310       0x5c c:/gcc/bin/../lib/gcc/arm-none-eabi/4.9.3/armv7-m/crtbegin.o
 .text._sbrk    0x0800036c       0x68 ./StdPeriph/stm_lib/src/_sbrk.o
                0x0800036c                _sbrk
 .text.NVIC_Init
                0x080003d4       0xc4 ./StdPeriph/stm_lib/src/misc.o
                0x080003d4                NVIC_Init
 .text.DMA_DeInit
                0x08000498      0x178 ./StdPeriph/stm_lib/src/stm32f10x_dma.o
                0x08000498                DMA_DeInit
 .text.DMA_Init
                0x08000610       0x7c ./StdPeriph/stm_lib/src/stm32f10x_dma.o
                0x08000610                DMA_Init
 .text.DMA_Cmd  0x0800068c       0x38 ./StdPeriph/stm_lib/src/stm32f10x_dma.o
                0x0800068c                DMA_Cmd
 .text.DMA_ITConfig
                0x080006c4       0x3c ./StdPeriph/stm_lib/src/stm32f10x_dma.o
                0x080006c4                DMA_ITConfig
 .text.DMA_ClearFlag
                0x08000700       0x34 ./StdPeriph/stm_lib/src/stm32f10x_dma.o
                0x08000700                DMA_ClearFlag
 .text.GPIO_Init
                0x08000734      0x180 ./StdPeriph/stm_lib/src/stm32f10x_gpio.o
                0x08000734                GPIO_Init
 .text.GPIO_PinRemapConfig
                0x080008b4       0xe0 ./StdPeriph/stm_lib/src/stm32f10x_gpio.o
                0x080008b4                GPIO_PinRemapConfig
 .text.RCC_GetClocksFreq
                0x08000994      0x164 ./StdPeriph/stm_lib/src/stm32f10x_rcc.o
                0x08000994                RCC_GetClocksFreq
 .text.RCC_AHBPeriphClockCmd
                0x08000af8       0x3c ./StdPeriph/stm_lib/src/stm32f10x_rcc.o
                0x08000af8                RCC_AHBPeriphClockCmd
 .text.RCC_APB2PeriphClockCmd
                0x08000b34       0x3c ./StdPeriph/stm_lib/src/stm32f10x_rcc.o
                0x08000b34                RCC_APB2PeriphClockCmd
 .text.RCC_APB1PeriphClockCmd
                0x08000b70       0x3c ./StdPeriph/stm_lib/src/stm32f10x_rcc.o
                0x08000b70                RCC_APB1PeriphClockCmd
 .text.USART_Init
                0x08000bac      0x174 ./StdPeriph/stm_lib/src/stm32f10x_usart.o
                0x08000bac                USART_Init
 .text.USART_Cmd
                0x08000d20       0x40 ./StdPeriph/stm_lib/src/stm32f10x_usart.o
                0x08000d20                USART_Cmd
 .text.USART_ITConfig
                0x08000d60       0x90 ./StdPeriph/stm_lib/src/stm32f10x_usart.o
                0x08000d60                USART_ITConfig
 .text._exit    0x08000df0        0xc ./StdPeriph/newlib/_exit.o
                0x08000df0                _exit
 .text.__libc_init_array
                0x08000dfc       0x6c ./StdPeriph/cmsis_boot/startup_cm.o
                0x08000dfc                __libc_init_array
 .text.__libc_fini_array
                0x08000e68       0x3c ./StdPeriph/cmsis_boot/startup_cm.o
                0x08000e68                __libc_fini_array
 .text.SystemInit
                0x08000ea4       0x68 ./StdPeriph/cmsis_boot/system_stm32f10x.o
                0x08000ea4                SystemInit
 .text.SetSysClock
                0x08000f0c        0xc ./StdPeriph/cmsis_boot/system_stm32f10x.o
 .text.SetSysClockTo72
                0x08000f18      0x100 ./StdPeriph/cmsis_boot/system_stm32f10x.o
 .text._Z9_delay_msi
                0x08001018       0x48 ./Extention/delay.o
                0x08001018                _delay_ms(int)
 .text._Znwj    0x08001060       0x18 ./Extention/operators.o
                0x08001060                operator new(unsigned int)
 .text._Znaj    0x08001078       0x18 ./Extention/operators.o
                0x08001078                operator new[](unsigned int)
 .text._ZdlPv   0x08001090       0x14 ./Extention/operators.o
                0x08001090                operator delete(void*)
 .text._ZdaPv   0x080010a4       0x14 ./Extention/operators.o
                0x080010a4                operator delete[](void*)
 .text.DMA1_Channel1_IRQHandler
                0x080010b8       0x90 ./Driver/Dma.o
                0x080010b8                DMA1_Channel1_IRQHandler
 .text.DMA1_Channel5_IRQHandler
                0x08001148       0x70 ./Driver/Dma.o
                0x08001148                DMA1_Channel5_IRQHandler
 .text.DMA1_Channel4_IRQHandler
                0x080011b8       0x70 ./Driver/Dma.o
                0x080011b8                DMA1_Channel4_IRQHandler
 .text.DMA1_Channel6_IRQHandler
                0x08001228       0x70 ./Driver/Dma.o
                0x08001228                DMA1_Channel6_IRQHandler
 .text.DMA1_Channel7_IRQHandler
                0x08001298       0x70 ./Driver/Dma.o
                0x08001298                DMA1_Channel7_IRQHandler
 .text.DMA1_Channel3_IRQHandler
                0x08001308       0x70 ./Driver/Dma.o
                0x08001308                DMA1_Channel3_IRQHandler
 .text.DMA1_Channel2_IRQHandler
                0x08001378       0x6c ./Driver/Dma.o
                0x08001378                DMA1_Channel2_IRQHandler
 .text.DMA2_Channel3_IRQHandler
                0x080013e4       0x74 ./Driver/Dma.o
                0x080013e4                DMA2_Channel3_IRQHandler
 .text._ZN3DmaC2Ev
                0x08001458       0x20 ./Driver/Dma.o
                0x08001458                Dma::Dma()
                0x08001458                Dma::Dma()
 .text._ZN3DmaD2Ev
                0x08001478       0x28 ./Driver/Dma.o
                0x08001478                Dma::~Dma()
                0x08001478                Dma::~Dma()
 .text._ZN3DmaD0Ev
                0x080014a0       0x20 ./Driver/Dma.o
                0x080014a0                Dma::~Dma()
 .text._ZN3Dma4InitEh
                0x080014c0       0xa4 ./Driver/Dma.o
                0x080014c0                Dma::Init(unsigned char)
 .text._ZN3Dma22HalfRecivedDmaCompleteEv
                0x08001564       0x14 ./Driver/Dma.o
                0x08001564                Dma::HalfRecivedDmaComplete()
 .text._ZN3Dma18RecivedDmaCompleteEv
                0x08001578       0x14 ./Driver/Dma.o
                0x08001578                Dma::RecivedDmaComplete()
 .text._ZN3Dma23HalfTransmitDmaCompleteEv
                0x0800158c       0x14 ./Driver/Dma.o
                0x0800158c                Dma::HalfTransmitDmaComplete()
 .text._ZN3Dma19TransmitDmaCompleteEv
                0x080015a0       0x18 ./Driver/Dma.o
                0x080015a0                Dma::TransmitDmaComplete()
 .text._ZN3Dma6MemCpyEPcS0_i
                0x080015b8      0x110 ./Driver/Dma.o
                0x080015b8                Dma::MemCpy(char*, char*, int)
 .text.USART1_IRQHandler
                0x080016c8       0x5c ./Driver/usart.o
                0x080016c8                USART1_IRQHandler
 .text.USART2_IRQHandler
                0x08001724       0x5c ./Driver/usart.o
                0x08001724                USART2_IRQHandler
 .text.USART3_IRQHandler
                0x08001780       0x5c ./Driver/usart.o
                0x08001780                USART3_IRQHandler
 .text.UART4_IRQHandler
                0x080017dc       0x5c ./Driver/usart.o
                0x080017dc                UART4_IRQHandler
 .text.UART5_IRQHandler
                0x08001838       0x5c ./Driver/usart.o
                0x08001838                UART5_IRQHandler
 .text._ZN10SerialPortC2Ehi
                0x08001894      0x44c ./Driver/usart.o
                0x08001894                SerialPort::SerialPort(unsigned char, int)
                0x08001894                SerialPort::SerialPort(unsigned char, int)
 .text._ZN10SerialPortD2Ev
                0x08001ce0       0x34 ./Driver/usart.o
                0x08001ce0                SerialPort::~SerialPort()
                0x08001ce0                SerialPort::~SerialPort()
 .text._ZN10SerialPortD0Ev
                0x08001d14       0x20 ./Driver/usart.o
                0x08001d14                SerialPort::~SerialPort()
 .text._ZN10SerialPort8ReadByteEPcj
                0x08001d34       0x90 ./Driver/usart.o
                0x08001d34                SerialPort::ReadByte(char*, unsigned int)
 .text._ZN10SerialPort8ReceivedEc
                0x08001dc4       0x50 ./Driver/usart.o
                0x08001dc4                SerialPort::Received(char)
 .text._ZN10SerialPort8TransmitEv
                0x08001e14       0x14 ./Driver/usart.o
                0x08001e14                SerialPort::Transmit()
 .text._ZN10SerialPort9GetAnswerEi
                0x08001e28       0x64 ./Driver/usart.o
                0x08001e28                SerialPort::GetAnswer(int)
 .text._ZN4ListIhEC2Ev
                0x08001e8c       0x2c ./Driver/usart.o
                0x08001e8c                List<unsigned char>::List()
                0x08001e8c                List<unsigned char>::List()
 .text._ZN4ListIhED2Ev
                0x08001eb8       0x3c ./Driver/usart.o
                0x08001eb8                List<unsigned char>::~List()
                0x08001eb8                List<unsigned char>::~List()
 .text._ZN4ListIhED0Ev
                0x08001ef4       0x20 ./Driver/usart.o
                0x08001ef4                List<unsigned char>::~List()
 .text._ZN4ListIhE3AddEh
                0x08001f14       0xb0 ./Driver/usart.o
                0x08001f14                List<unsigned char>::Add(unsigned char)
 .text._ZN4TestC2Ehi
                0x08001fc4       0x44 ./main.o
                0x08001fc4                Test::Test(unsigned char, int)
                0x08001fc4                Test::Test(unsigned char, int)
 .text._ZN4Test22HalfRecivedDmaCompleteEv
                0x08002008       0x1c ./main.o
                0x08002008                Test::HalfRecivedDmaComplete()
                0x0800201c                non-virtual thunk to Test::HalfRecivedDmaComplete()
 .text.main     0x08002024       0x58 ./main.o
                0x08002024                main
 .text._ZN4TestD2Ev
                0x0800207c       0x44 ./main.o
                0x0800207c                Test::~Test()
                0x0800207c                Test::~Test()
 .text._ZN4TestD1Ev
                0x080020c0        0x8 ./main.o
                0x080020c0                non-virtual thunk to Test::~Test()
 .text._ZN4TestD0Ev
                0x080020c8       0x28 ./main.o
                0x080020c8                Test::~Test()
                0x080020e8                non-virtual thunk to Test::~Test()
 .text.__errno  0x080020f0        0xc c:/gcc/bin/../lib/gcc/arm-none-eabi/4.9.3/../../../../arm-none-eabi/lib/armv7-m\libg.a(lib_a-errno.o)
                0x080020f0                __errno
 .text.malloc   0x080020fc       0x10 c:/gcc/bin/../lib/gcc/arm-none-eabi/4.9.3/../../../../arm-none-eabi/lib/armv7-m\libg.a(lib_a-malloc.o)
                0x080020fc                malloc
 .text.free     0x0800210c       0x10 c:/gcc/bin/../lib/gcc/arm-none-eabi/4.9.3/../../../../arm-none-eabi/lib/armv7-m\libg.a(lib_a-malloc.o)
                0x0800210c                free
 .text._malloc_r
                0x0800211c      0x50c c:/gcc/bin/../lib/gcc/arm-none-eabi/4.9.3/../../../../arm-none-eabi/lib/armv7-m\libg.a(lib_a-mallocr.o)
                0x0800211c                _malloc_r
 .text          0x08002628       0xec c:/gcc/bin/../lib/gcc/arm-none-eabi/4.9.3/../../../../arm-none-eabi/lib/armv7-m\libg.a(lib_a-memcpy.o)
                0x08002628                memcpy
 .text.__malloc_lock
                0x08002714        0x4 c:/gcc/bin/../lib/gcc/arm-none-eabi/4.9.3/../../../../arm-none-eabi/lib/armv7-m\libg.a(lib_a-mlock.o)
                0x08002714                __malloc_lock
 .text.__malloc_unlock
                0x08002718        0x4 c:/gcc/bin/../lib/gcc/arm-none-eabi/4.9.3/../../../../arm-none-eabi/lib/armv7-m\libg.a(lib_a-mlock.o)
                0x08002718                __malloc_unlock
 .text._sbrk_r  0x0800271c       0x24 c:/gcc/bin/../lib/gcc/arm-none-eabi/4.9.3/../../../../arm-none-eabi/lib/armv7-m\libg.a(lib_a-sbrkr.o)
                0x0800271c                _sbrk_r
 .text.startup.register_fini
                0x08002740       0x14 c:/gcc/bin/../lib/gcc/arm-none-eabi/4.9.3/../../../../arm-none-eabi/lib/armv7-m\libg.a(lib_a-__call_atexit.o)
 .text.atexit   0x08002754        0xc c:/gcc/bin/../lib/gcc/arm-none-eabi/4.9.3/../../../../arm-none-eabi/lib/armv7-m\libg.a(lib_a-atexit.o)
                0x08002754                atexit
 .text._malloc_trim_r
                0x08002760       0x9c c:/gcc/bin/../lib/gcc/arm-none-eabi/4.9.3/../../../../arm-none-eabi/lib/armv7-m\libg.a(lib_a-freer.o)
                0x08002760                _malloc_trim_r
 .text._free_r  0x080027fc      0x1b0 c:/gcc/bin/../lib/gcc/arm-none-eabi/4.9.3/../../../../arm-none-eabi/lib/armv7-m\libg.a(lib_a-freer.o)
                0x080027fc                _free_r
 .text.__register_exitproc
                0x080029ac       0xa4 c:/gcc/bin/../lib/gcc/arm-none-eabi/4.9.3/../../../../arm-none-eabi/lib/armv7-m\libg.a(lib_a-__atexit.o)
                0x080029ac                __register_exitproc
 *(.rodata .rodata.* .constdata .constdata.*)
 .rodata._ZTV3Dma
                0x08002a50       0x20 ./Driver/Dma.o
                0x08002a50                vtable for Dma
 .rodata._ZTV10SerialPort
                0x08002a70       0x1c ./Driver/usart.o
                0x08002a70                vtable for SerialPort
 *fill*         0x08002a8c        0x4 
 .rodata._ZTV4ListIhE
                0x08002a90       0x10 ./Driver/usart.o
                0x08002a90                vtable for List<unsigned char>
 .rodata        0x08002aa0        0xb ./main.o
 *fill*         0x08002aab        0x5 
 .rodata._ZTV4Test
                0x08002ab0       0x40 ./main.o
                0x08002ab0                vtable for Test
 .rodata.str1.4
                0x08002af0        0x4 c:/gcc/bin/../lib/gcc/arm-none-eabi/4.9.3/../../../../arm-none-eabi/lib/armv7-m\libg.a(lib_a-impure.o)
                                  0x2 (size before relaxing)
 .rodata._global_impure_ptr
                0x08002af4        0x4 c:/gcc/bin/../lib/gcc/arm-none-eabi/4.9.3/../../../../arm-none-eabi/lib/armv7-m\libg.a(lib_a-impure.o)
                0x08002af4                _global_impure_ptr
 *(vtable)
 *(.eh_frame*)
 .eh_frame      0x08002af8        0x0 c:/gcc/bin/../lib/gcc/arm-none-eabi/4.9.3/armv7-m/crtbegin.o
 .eh_frame      0x08002af8        0x4 c:/gcc/bin/../lib/gcc/arm-none-eabi/4.9.3/armv7-m/crtend.o
 *(.glue_7)
 .glue_7        0x00000000        0x0 linker stubs
 *(.glue_7t)
 .glue_7t       0x00000000        0x0 linker stubs

.vfp11_veneer   0x08002afc        0x0
 .vfp11_veneer  0x00000000        0x0 linker stubs

.v4_bx          0x08002afc        0x0
 .v4_bx         0x00000000        0x0 linker stubs

.iplt           0x08002afc        0x0
 .iplt          0x00000000        0x0 c:/gcc/bin/../lib/gcc/arm-none-eabi/4.9.3/armv7-m/crtbegin.o

.rel.dyn        0x08002afc        0x0
 .rel.iplt      0x00000000        0x0 c:/gcc/bin/../lib/gcc/arm-none-eabi/4.9.3/armv7-m/crtbegin.o

.ARM.extab
 *(.ARM.extab* .gnu.linkonce.armextab.*)
                0x08002afc                . = ALIGN (0x4)
                0x08002afc                __exidx_start = .

.ARM.exidx
 *(.ARM.exidx* .gnu.linkonce.armexidx.*)
                0x08002afc                __exidx_end = .
                0x08002afc                . = ALIGN (0x4)
                0x08002afc                _etext = .
                0x08002afc                __etext = .

.data_CCMRAM    0x00000000        0x0 load address 0x08002afc
 FILL mask 0xff
 *(.data.CCMRAM .data.CCMRAM.*)
                0x00000000                . = ALIGN (0x4)
                0x08002afc                _sidata = LOADADDR (.data)

.data           0x20000000      0x854 load address 0x08002afc
 FILL mask 0xff
                0x20000000                _sdata = .
                0x20000000                __data_start__ = .
 *(.data_begin .data_begin.*)
 *(.data .data.*)
 .data.APBAHBPrescTable
                0x20000000       0x10 ./StdPeriph/stm_lib/src/stm32f10x_rcc.o
 .data.ADCPrescTable
                0x20000010        0x4 ./StdPeriph/stm_lib/src/stm32f10x_rcc.o
 *fill*         0x20000014        0x4 
 .data.impure_data
                0x20000018      0x428 c:/gcc/bin/../lib/gcc/arm-none-eabi/4.9.3/../../../../arm-none-eabi/lib/armv7-m\libg.a(lib_a-impure.o)
 .data._impure_ptr
                0x20000440        0x4 c:/gcc/bin/../lib/gcc/arm-none-eabi/4.9.3/../../../../arm-none-eabi/lib/armv7-m\libg.a(lib_a-impure.o)
                0x20000440                _impure_ptr
 .data.__malloc_av_
                0x20000444      0x408 c:/gcc/bin/../lib/gcc/arm-none-eabi/4.9.3/../../../../arm-none-eabi/lib/armv7-m\libg.a(lib_a-mallocr.o)
                0x20000444                __malloc_av_
 .data.__malloc_trim_threshold
                0x2000084c        0x4 c:/gcc/bin/../lib/gcc/arm-none-eabi/4.9.3/../../../../arm-none-eabi/lib/armv7-m\libg.a(lib_a-mallocr.o)
                0x2000084c                __malloc_trim_threshold
 .data.__malloc_sbrk_base
                0x20000850        0x4 c:/gcc/bin/../lib/gcc/arm-none-eabi/4.9.3/../../../../arm-none-eabi/lib/armv7-m\libg.a(lib_a-mallocr.o)
                0x20000850                __malloc_sbrk_base
 *(.data_end .data_end.*)
                0x20000854                . = ALIGN (0x4)
                0x20000854                _edata = .
                0x20000854                __data_end__ = .

.jcr            0x20000854        0x0 load address 0x08003350
 .jcr           0x20000854        0x0 c:/gcc/bin/../lib/gcc/arm-none-eabi/4.9.3/armv7-m/crtbegin.o

.igot.plt       0x20000854        0x0 load address 0x08003350
 .igot.plt      0x00000000        0x0 c:/gcc/bin/../lib/gcc/arm-none-eabi/4.9.3/armv7-m/crtbegin.o

.bss_CCMRAM     0x00000000        0x0
 *(.bss.CCMRAM .bss.CCMRAM.*)

.bss            0x20000854       0x80
                0x20000854                __bss_start__ = .
                0x20000854                _sbss = .
 *(.bss_begin .bss_begin.*)
 *(.bss .bss.*)
 .bss           0x20000854       0x1c c:/gcc/bin/../lib/gcc/arm-none-eabi/4.9.3/armv7-m/crtbegin.o
 .bss.current_heap_end.4308
                0x20000870        0x4 ./StdPeriph/stm_lib/src/_sbrk.o
 .bss._ZN3Dma5pDma0E
                0x20000874        0x4 ./Driver/Dma.o
                0x20000874                Dma::pDma0
 .bss._ZN3Dma5pDma1E
                0x20000878        0x4 ./Driver/Dma.o
                0x20000878                Dma::pDma1
 .bss._ZN3Dma5pDma2E
                0x2000087c        0x4 ./Driver/Dma.o
                0x2000087c                Dma::pDma2
 .bss._ZN3Dma5pDma3E
                0x20000880        0x4 ./Driver/Dma.o
                0x20000880                Dma::pDma3
 .bss._ZN3Dma5pDma4E
                0x20000884        0x4 ./Driver/Dma.o
                0x20000884                Dma::pDma4
 .bss._ZN10SerialPort7pUsart0E
                0x20000888        0x4 ./Driver/usart.o
                0x20000888                SerialPort::pUsart0
 .bss._ZN10SerialPort7pUsart1E
                0x2000088c        0x4 ./Driver/usart.o
                0x2000088c                SerialPort::pUsart1
 .bss._ZN10SerialPort7pUsart2E
                0x20000890        0x4 ./Driver/usart.o
                0x20000890                SerialPort::pUsart2
 .bss._ZN10SerialPort7pUsart3E
                0x20000894        0x4 ./Driver/usart.o
                0x20000894                SerialPort::pUsart3
 .bss._ZN10SerialPort7pUsart4E
                0x20000898        0x4 ./Driver/usart.o
                0x20000898                SerialPort::pUsart4
 .bss.__malloc_max_total_mem
                0x2000089c        0x4 c:/gcc/bin/../lib/gcc/arm-none-eabi/4.9.3/../../../../arm-none-eabi/lib/armv7-m\libg.a(lib_a-mallocr.o)
                0x2000089c                __malloc_max_total_mem
 .bss.__malloc_max_sbrked_mem
                0x200008a0        0x4 c:/gcc/bin/../lib/gcc/arm-none-eabi/4.9.3/../../../../arm-none-eabi/lib/armv7-m\libg.a(lib_a-mallocr.o)
                0x200008a0                __malloc_max_sbrked_mem
 .bss.__malloc_top_pad
                0x200008a4        0x4 c:/gcc/bin/../lib/gcc/arm-none-eabi/4.9.3/../../../../arm-none-eabi/lib/armv7-m\libg.a(lib_a-mallocr.o)
                0x200008a4                __malloc_top_pad
 .bss.__malloc_current_mallinfo
                0x200008a8       0x28 c:/gcc/bin/../lib/gcc/arm-none-eabi/4.9.3/../../../../arm-none-eabi/lib/armv7-m\libg.a(lib_a-mallocr.o)
                0x200008a8                __malloc_current_mallinfo
 *(COMMON)
 COMMON         0x200008d0        0x4 ./StdPeriph/newlib/_syscalls.o
                0x200008d0                errno
 *(.bss_end .bss_end.*)
                0x200008d4                . = ALIGN (0x4)
                0x200008d4                __bss_end__ = .
                0x200008d4                _ebss = .

.noinit_CCMRAM
 *(.noinit.CCMRAM .noinit.CCMRAM.*)

.noinit         0x200008d4        0x0
                0x200008d4                _noinit = .
 *(.noinit .noinit.*)
                0x200008d4                . = ALIGN (0x4)
                0x200008d4                _end_noinit = .
                0x200008d4                PROVIDE (end, _end_noinit)
                0x200008d4                PROVIDE (_end, _end_noinit)
                0x200008d4                PROVIDE (__end, _end_noinit)
                0x200008d4                PROVIDE (__end__, _end_noinit)

._check_stack   0x200008d4      0x400
                0x20000cd4                . = (. + _Minimum_Stack_Size)
 *fill*         0x200008d4      0x400 

.b1text
 *(.b1text)
 *(.b1rodata)
 *(.b1rodata.*)

.eb0text
 *(.eb0text)
 *(.eb0rodata)
 *(.eb0rodata.*)

.eb1text
 *(.eb1text)
 *(.eb1rodata)
 *(.eb1rodata.*)

.eb2text
 *(.eb2text)
 *(.eb2rodata)
 *(.eb2rodata.*)

.eb3text
 *(.eb3text)
 *(.eb3rodata)
 *(.eb3rodata.*)

.stab
 *(.stab)

.stabstr
 *(.stabstr)

.stab.excl
 *(.stab.excl)

.stab.exclstr
 *(.stab.exclstr)

.stab.index
 *(.stab.index)

.stab.indexstr
 *(.stab.indexstr)

.comment        0x00000000       0x70
 *(.comment)
 .comment       0x00000000       0x70 ./StdPeriph/stm_lib/src/_sbrk.o
                                 0x71 (size before relaxing)
 .comment       0x00000000       0x71 ./StdPeriph/stm_lib/src/misc.o
 .comment       0x00000000       0x71 ./StdPeriph/stm_lib/src/stm32f10x_dma.o
 .comment       0x00000000       0x71 ./StdPeriph/stm_lib/src/stm32f10x_gpio.o
 .comment       0x00000000       0x71 ./StdPeriph/stm_lib/src/stm32f10x_rcc.o
 .comment       0x00000000       0x71 ./StdPeriph/stm_lib/src/stm32f10x_usart.o
 .comment       0x00000000       0x71 ./StdPeriph/newlib/_exit.o
 .comment       0x00000000       0x71 ./StdPeriph/newlib/_syscalls.o
 .comment       0x00000000       0x71 ./StdPeriph/cmsis_boot/startup_cm.o
 .comment       0x00000000       0x71 ./StdPeriph/cmsis_boot/system_stm32f10x.o
 .comment       0x00000000       0x71 ./StdPeriph/cmsis_boot/vectors_stm32f10x.o
 .comment       0x00000000       0x71 ./Extention/delay.o
 .comment       0x00000000       0x71 ./Extention/operators.o
 .comment       0x00000000       0x71 ./Driver/Dma.o
 .comment       0x00000000       0x71 ./Driver/usart.o
 .comment       0x00000000       0x71 ./main.o

.ARM.attributes
                0x00000000       0x29
 .ARM.attributes
                0x00000000       0x1d c:/gcc/bin/../lib/gcc/arm-none-eabi/4.9.3/armv7-m/crti.o
 .ARM.attributes
                0x0000001d       0x2d c:/gcc/bin/../lib/gcc/arm-none-eabi/4.9.3/armv7-m/crtbegin.o
 .ARM.attributes
                0x0000004a       0x33 ./StdPeriph/stm_lib/src/_sbrk.o
 .ARM.attributes
                0x0000007d       0x33 ./StdPeriph/stm_lib/src/misc.o
 .ARM.attributes
                0x000000b0       0x33 ./StdPeriph/stm_lib/src/stm32f10x_dma.o
 .ARM.attributes
                0x000000e3       0x33 ./StdPeriph/stm_lib/src/stm32f10x_gpio.o
 .ARM.attributes
                0x00000116       0x33 ./StdPeriph/stm_lib/src/stm32f10x_rcc.o
 .ARM.attributes
                0x00000149       0x33 ./StdPeriph/stm_lib/src/stm32f10x_usart.o
 .ARM.attributes
                0x0000017c       0x33 ./StdPeriph/newlib/_exit.o
 .ARM.attributes
                0x000001af       0x33 ./StdPeriph/newlib/_syscalls.o
 .ARM.attributes
                0x000001e2       0x33 ./StdPeriph/cmsis_boot/startup_cm.o
 .ARM.attributes
                0x00000215       0x33 ./StdPeriph/cmsis_boot/system_stm32f10x.o
 .ARM.attributes
                0x00000248       0x33 ./StdPeriph/cmsis_boot/vectors_stm32f10x.o
 .ARM.attributes
                0x0000027b       0x33 ./Extention/delay.o
 .ARM.attributes
                0x000002ae       0x33 ./Extention/operators.o
 .ARM.attributes
                0x000002e1       0x33 ./Driver/Dma.o
 .ARM.attributes
                0x00000314       0x33 ./Driver/usart.o
 .ARM.attributes
                0x00000347       0x33 ./main.o
 .ARM.attributes
                0x0000037a       0x2d c:/gcc/bin/../lib/gcc/arm-none-eabi/4.9.3/../../../../arm-none-eabi/lib/armv7-m\libg.a(lib_a-errno.o)
 .ARM.attributes
                0x000003a7       0x2d c:/gcc/bin/../lib/gcc/arm-none-eabi/4.9.3/../../../../arm-none-eabi/lib/armv7-m\libg.a(lib_a-impure.o)
 .ARM.attributes
                0x000003d4       0x2d c:/gcc/bin/../lib/gcc/arm-none-eabi/4.9.3/../../../../arm-none-eabi/lib/armv7-m\libg.a(lib_a-malloc.o)
 .ARM.attributes
                0x00000401       0x2d c:/gcc/bin/../lib/gcc/arm-none-eabi/4.9.3/../../../../arm-none-eabi/lib/armv7-m\libg.a(lib_a-mallocr.o)
 .ARM.attributes
                0x0000042e       0x1b c:/gcc/bin/../lib/gcc/arm-none-eabi/4.9.3/../../../../arm-none-eabi/lib/armv7-m\libg.a(lib_a-memcpy.o)
 .ARM.attributes
                0x00000449       0x2d c:/gcc/bin/../lib/gcc/arm-none-eabi/4.9.3/../../../../arm-none-eabi/lib/armv7-m\libg.a(lib_a-mlock.o)
 .ARM.attributes
                0x00000476       0x2d c:/gcc/bin/../lib/gcc/arm-none-eabi/4.9.3/../../../../arm-none-eabi/lib/armv7-m\libg.a(lib_a-sbrkr.o)
 .ARM.attributes
                0x000004a3       0x2d c:/gcc/bin/../lib/gcc/arm-none-eabi/4.9.3/../../../../arm-none-eabi/lib/armv7-m\libg.a(lib_a-__call_atexit.o)
 .ARM.attributes
                0x000004d0       0x2d c:/gcc/bin/../lib/gcc/arm-none-eabi/4.9.3/../../../../arm-none-eabi/lib/armv7-m\libg.a(lib_a-atexit.o)
 .ARM.attributes
                0x000004fd       0x2d c:/gcc/bin/../lib/gcc/arm-none-eabi/4.9.3/../../../../arm-none-eabi/lib/armv7-m\libg.a(lib_a-freer.o)
 .ARM.attributes
                0x0000052a       0x2d c:/gcc/bin/../lib/gcc/arm-none-eabi/4.9.3/../../../../arm-none-eabi/lib/armv7-m\libg.a(lib_a-__atexit.o)
 .ARM.attributes
                0x00000557       0x2d c:/gcc/bin/../lib/gcc/arm-none-eabi/4.9.3/armv7-m/crtend.o
 .ARM.attributes
                0x00000584       0x1d c:/gcc/bin/../lib/gcc/arm-none-eabi/4.9.3/armv7-m/crtn.o

.debug
 *(.debug)

.line
 *(.line)

.debug_srcinfo
 *(.debug_srcinfo)

.debug_sfnames
 *(.debug_sfnames)

.debug_aranges  0x00000000      0x778
 *(.debug_aranges)
 .debug_aranges
                0x00000000       0x20 ./StdPeriph/stm_lib/src/_sbrk.o
 .debug_aranges
                0x00000020       0x40 ./StdPeriph/stm_lib/src/misc.o
 .debug_aranges
                0x00000060       0x70 ./StdPeriph/stm_lib/src/stm32f10x_dma.o
 .debug_aranges
                0x000000d0       0xa8 ./StdPeriph/stm_lib/src/stm32f10x_gpio.o
 .debug_aranges
                0x00000178      0x118 ./StdPeriph/stm_lib/src/stm32f10x_rcc.o
 .debug_aranges
                0x00000290      0x100 ./StdPeriph/stm_lib/src/stm32f10x_usart.o
 .debug_aranges
                0x00000390       0x28 ./StdPeriph/newlib/_exit.o
 .debug_aranges
                0x000003b8       0xd0 ./StdPeriph/newlib/_syscalls.o
 .debug_aranges
                0x00000488       0x38 ./StdPeriph/cmsis_boot/startup_cm.o
 .debug_aranges
                0x000004c0       0x38 ./StdPeriph/cmsis_boot/system_stm32f10x.o
 .debug_aranges
                0x000004f8       0x68 ./StdPeriph/cmsis_boot/vectors_stm32f10x.o
 .debug_aranges
                0x00000560       0x20 ./Extention/delay.o
 .debug_aranges
                0x00000580       0x38 ./Extention/operators.o
 .debug_aranges
                0x000005b8       0xb8 ./Driver/Dma.o
 .debug_aranges
                0x00000670       0xb0 ./Driver/usart.o
 .debug_aranges
                0x00000720       0x58 ./main.o

.debug_pubnames
 *(.debug_pubnames)

.debug_info     0x00000000     0x56f7
 *(.debug_info .gnu.linkonce.wi.*)
 .debug_info    0x00000000      0x109 ./StdPeriph/stm_lib/src/_sbrk.o
 .debug_info    0x00000109      0x552 ./StdPeriph/stm_lib/src/misc.o
 .debug_info    0x0000065b      0x47b ./StdPeriph/stm_lib/src/stm32f10x_dma.o
 .debug_info    0x00000ad6      0x779 ./StdPeriph/stm_lib/src/stm32f10x_gpio.o
 .debug_info    0x0000124f      0x921 ./StdPeriph/stm_lib/src/stm32f10x_rcc.o
 .debug_info    0x00001b70      0xade ./StdPeriph/stm_lib/src/stm32f10x_usart.o
 .debug_info    0x0000264e       0xba ./StdPeriph/newlib/_exit.o
 .debug_info    0x00002708      0x80d ./StdPeriph/newlib/_syscalls.o
 .debug_info    0x00002f15      0x29c ./StdPeriph/cmsis_boot/startup_cm.o
 .debug_info    0x000031b1      0x4df ./StdPeriph/cmsis_boot/system_stm32f10x.o
 .debug_info    0x00003690      0x134 ./StdPeriph/cmsis_boot/vectors_stm32f10x.o
 .debug_info    0x000037c4      0x15a ./Extention/delay.o
 .debug_info    0x0000391e      0x137 ./Extention/operators.o
 .debug_info    0x00003a55      0xa75 ./Driver/Dma.o
 .debug_info    0x000044ca      0xf0e ./Driver/usart.o
 .debug_info    0x000053d8      0x31f ./main.o

.debug_abbrev   0x00000000     0x17f5
 *(.debug_abbrev)
 .debug_abbrev  0x00000000       0x8e ./StdPeriph/stm_lib/src/_sbrk.o
 .debug_abbrev  0x0000008e      0x17a ./StdPeriph/stm_lib/src/misc.o
 .debug_abbrev  0x00000208      0x15a ./StdPeriph/stm_lib/src/stm32f10x_dma.o
 .debug_abbrev  0x00000362      0x219 ./StdPeriph/stm_lib/src/stm32f10x_gpio.o
 .debug_abbrev  0x0000057b      0x1ef ./StdPeriph/stm_lib/src/stm32f10x_rcc.o
 .debug_abbrev  0x0000076a      0x197 ./StdPeriph/stm_lib/src/stm32f10x_usart.o
 .debug_abbrev  0x00000901       0x6e ./StdPeriph/newlib/_exit.o
 .debug_abbrev  0x0000096f      0x165 ./StdPeriph/newlib/_syscalls.o
 .debug_abbrev  0x00000ad4      0x128 ./StdPeriph/cmsis_boot/startup_cm.o
 .debug_abbrev  0x00000bfc      0x151 ./StdPeriph/cmsis_boot/system_stm32f10x.o
 .debug_abbrev  0x00000d4d       0x92 ./StdPeriph/cmsis_boot/vectors_stm32f10x.o
 .debug_abbrev  0x00000ddf       0xb1 ./Extention/delay.o
 .debug_abbrev  0x00000e90       0xb4 ./Extention/operators.o
 .debug_abbrev  0x00000f44      0x2e5 ./Driver/Dma.o
 .debug_abbrev  0x00001229      0x3da ./Driver/usart.o
 .debug_abbrev  0x00001603      0x1f2 ./main.o

.debug_line     0x00000000     0x3b98
 *(.debug_line)
 .debug_line    0x00000000      0x1ad ./StdPeriph/stm_lib/src/_sbrk.o
 .debug_line    0x000001ad      0x29c ./StdPeriph/stm_lib/src/misc.o
 .debug_line    0x00000449      0x333 ./StdPeriph/stm_lib/src/stm32f10x_dma.o
 .debug_line    0x0000077c      0x6f0 ./StdPeriph/stm_lib/src/stm32f10x_gpio.o
 .debug_line    0x00000e6c      0x6b1 ./StdPeriph/stm_lib/src/stm32f10x_rcc.o
 .debug_line    0x0000151d      0x972 ./StdPeriph/stm_lib/src/stm32f10x_usart.o
 .debug_line    0x00001e8f      0x1a7 ./StdPeriph/newlib/_exit.o
 .debug_line    0x00002036      0x42f ./StdPeriph/newlib/_syscalls.o
 .debug_line    0x00002465      0x1fb ./StdPeriph/cmsis_boot/startup_cm.o
 .debug_line    0x00002660      0x24a ./StdPeriph/cmsis_boot/system_stm32f10x.o
 .debug_line    0x000028aa       0x99 ./StdPeriph/cmsis_boot/vectors_stm32f10x.o
 .debug_line    0x00002943      0x225 ./Extention/delay.o
 .debug_line    0x00002b68      0x21a ./Extention/operators.o
 .debug_line    0x00002d82      0x3e5 ./Driver/Dma.o
 .debug_line    0x00003167      0x635 ./Driver/usart.o
 .debug_line    0x0000379c      0x3fc ./main.o

.debug_frame    0x00000000     0x1dc0
 *(.debug_frame)
 .debug_frame   0x00000000       0x34 ./StdPeriph/stm_lib/src/_sbrk.o
 .debug_frame   0x00000034       0xd4 ./StdPeriph/stm_lib/src/misc.o
 .debug_frame   0x00000108      0x1c8 ./StdPeriph/stm_lib/src/stm32f10x_dma.o
 .debug_frame   0x000002d0      0x2b0 ./StdPeriph/stm_lib/src/stm32f10x_gpio.o
 .debug_frame   0x00000580      0x4cc ./StdPeriph/stm_lib/src/stm32f10x_rcc.o
 .debug_frame   0x00000a4c      0x44c ./StdPeriph/stm_lib/src/stm32f10x_usart.o
 .debug_frame   0x00000e98       0x48 ./StdPeriph/newlib/_exit.o
 .debug_frame   0x00000ee0      0x340 ./StdPeriph/newlib/_syscalls.o
 .debug_frame   0x00001220       0x9c ./StdPeriph/cmsis_boot/startup_cm.o
 .debug_frame   0x000012bc       0x98 ./StdPeriph/cmsis_boot/system_stm32f10x.o
 .debug_frame   0x00001354      0x100 ./StdPeriph/cmsis_boot/vectors_stm32f10x.o
 .debug_frame   0x00001454       0x34 ./Extention/delay.o
 .debug_frame   0x00001488       0xa0 ./Extention/operators.o
 .debug_frame   0x00001528      0x2b4 ./Driver/Dma.o
 .debug_frame   0x000017dc      0x2d8 ./Driver/usart.o
 .debug_frame   0x00001ab4       0xf4 ./main.o
 .debug_frame   0x00001ba8       0x20 c:/gcc/bin/../lib/gcc/arm-none-eabi/4.9.3/../../../../arm-none-eabi/lib/armv7-m\libg.a(lib_a-errno.o)
 .debug_frame   0x00001bc8       0x30 c:/gcc/bin/../lib/gcc/arm-none-eabi/4.9.3/../../../../arm-none-eabi/lib/armv7-m\libg.a(lib_a-malloc.o)
 .debug_frame   0x00001bf8       0x54 c:/gcc/bin/../lib/gcc/arm-none-eabi/4.9.3/../../../../arm-none-eabi/lib/armv7-m\libg.a(lib_a-mallocr.o)
 .debug_frame   0x00001c4c       0x30 c:/gcc/bin/../lib/gcc/arm-none-eabi/4.9.3/../../../../arm-none-eabi/lib/armv7-m\libg.a(lib_a-mlock.o)
 .debug_frame   0x00001c7c       0x2c c:/gcc/bin/../lib/gcc/arm-none-eabi/4.9.3/../../../../arm-none-eabi/lib/armv7-m\libg.a(lib_a-sbrkr.o)
 .debug_frame   0x00001ca8       0x50 c:/gcc/bin/../lib/gcc/arm-none-eabi/4.9.3/../../../../arm-none-eabi/lib/armv7-m\libg.a(lib_a-__call_atexit.o)
 .debug_frame   0x00001cf8       0x20 c:/gcc/bin/../lib/gcc/arm-none-eabi/4.9.3/../../../../arm-none-eabi/lib/armv7-m\libg.a(lib_a-atexit.o)
 .debug_frame   0x00001d18       0x74 c:/gcc/bin/../lib/gcc/arm-none-eabi/4.9.3/../../../../arm-none-eabi/lib/armv7-m\libg.a(lib_a-freer.o)
 .debug_frame   0x00001d8c       0x34 c:/gcc/bin/../lib/gcc/arm-none-eabi/4.9.3/../../../../arm-none-eabi/lib/armv7-m\libg.a(lib_a-__atexit.o)

.debug_str      0x00000000    0x42f7b
 *(.debug_str)
 .debug_str     0x00000000     0x43d1 ./StdPeriph/stm_lib/src/_sbrk.o
                               0x453b (size before relaxing)
 .debug_str     0x000043d1    0x315c5 ./StdPeriph/stm_lib/src/misc.o
                              0x33d83 (size before relaxing)
 .debug_str     0x00035996     0x4802 ./StdPeriph/stm_lib/src/stm32f10x_dma.o
                              0x37ebe (size before relaxing)
 .debug_str     0x0003a198     0x222a ./StdPeriph/stm_lib/src/stm32f10x_gpio.o
                              0x377e2 (size before relaxing)
 .debug_str     0x0003c3c2      0xb42 ./StdPeriph/stm_lib/src/stm32f10x_rcc.o
                              0x36102 (size before relaxing)
 .debug_str     0x0003cf04     0x1c3c ./StdPeriph/stm_lib/src/stm32f10x_usart.o
                              0x37283 (size before relaxing)
 .debug_str     0x0003eb40      0xf6f ./StdPeriph/newlib/_exit.o
                               0x4bbc (size before relaxing)
 .debug_str     0x0003faaf     0x13b7 ./StdPeriph/newlib/_syscalls.o
                               0x6793 (size before relaxing)
 .debug_str     0x00040e66      0x13f ./StdPeriph/cmsis_boot/startup_cm.o
                               0x35a9 (size before relaxing)
 .debug_str     0x00040fa5       0xd1 ./StdPeriph/cmsis_boot/system_stm32f10x.o
                              0x3382d (size before relaxing)
 .debug_str     0x00041076       0xe1 ./StdPeriph/cmsis_boot/vectors_stm32f10x.o
                               0x256b (size before relaxing)
 .debug_str     0x00041157      0x475 ./Extention/delay.o
                              0x3580c (size before relaxing)
 .debug_str     0x000415cc      0xa49 ./Extention/operators.o
                               0x5b43 (size before relaxing)
 .debug_str     0x00042015      0x8bd ./Driver/Dma.o
                              0x38914 (size before relaxing)
 .debug_str     0x000428d2      0x635 ./Driver/usart.o
                              0x3bf69 (size before relaxing)
 .debug_str     0x00042f07       0x74 ./main.o
                              0x3d787 (size before relaxing)

.debug_loc
 *(.debug_loc)

.debug_macinfo
 *(.debug_macinfo)

.debug_weaknames
 *(.debug_weaknames)

.debug_funcnames
 *(.debug_funcnames)

.debug_typenames
 *(.debug_typenames)

.debug_varnames
 *(.debug_varnames)
OUTPUT(F103_Framework.elf elf32-littlearm)

.debug_ranges   0x00000000      0x678
 .debug_ranges  0x00000000       0x10 ./StdPeriph/stm_lib/src/_sbrk.o
 .debug_ranges  0x00000010       0x30 ./StdPeriph/stm_lib/src/misc.o
 .debug_ranges  0x00000040       0x60 ./StdPeriph/stm_lib/src/stm32f10x_dma.o
 .debug_ranges  0x000000a0       0x98 ./StdPeriph/stm_lib/src/stm32f10x_gpio.o
 .debug_ranges  0x00000138      0x108 ./StdPeriph/stm_lib/src/stm32f10x_rcc.o
 .debug_ranges  0x00000240       0xf0 ./StdPeriph/stm_lib/src/stm32f10x_usart.o
 .debug_ranges  0x00000330       0x18 ./StdPeriph/newlib/_exit.o
 .debug_ranges  0x00000348       0xc0 ./StdPeriph/newlib/_syscalls.o
 .debug_ranges  0x00000408       0x28 ./StdPeriph/cmsis_boot/startup_cm.o
 .debug_ranges  0x00000430       0x28 ./StdPeriph/cmsis_boot/system_stm32f10x.o
 .debug_ranges  0x00000458       0x58 ./StdPeriph/cmsis_boot/vectors_stm32f10x.o
 .debug_ranges  0x000004b0       0x10 ./Extention/delay.o
 .debug_ranges  0x000004c0       0x28 ./Extention/operators.o
 .debug_ranges  0x000004e8       0xa8 ./Driver/Dma.o
 .debug_ranges  0x00000590       0xa0 ./Driver/usart.o
 .debug_ranges  0x00000630       0x48 ./main.o

.debug_macro    0x00000000     0xdc26
 .debug_macro   0x00000000       0xda ./StdPeriph/stm_lib/src/_sbrk.o
 .debug_macro   0x000000da      0x880 ./StdPeriph/stm_lib/src/_sbrk.o
 .debug_macro   0x0000095a       0x58 ./StdPeriph/stm_lib/src/_sbrk.o
 .debug_macro   0x000009b2       0x22 ./StdPeriph/stm_lib/src/_sbrk.o
 .debug_macro   0x000009d4       0x35 ./StdPeriph/stm_lib/src/_sbrk.o
 .debug_macro   0x00000a09       0x9c ./StdPeriph/stm_lib/src/_sbrk.o
 .debug_macro   0x00000aa5       0x4a ./StdPeriph/stm_lib/src/_sbrk.o
 .debug_macro   0x00000aef       0x52 ./StdPeriph/stm_lib/src/_sbrk.o
 .debug_macro   0x00000b41       0x16 ./StdPeriph/stm_lib/src/_sbrk.o
 .debug_macro   0x00000b57       0x19 ./StdPeriph/stm_lib/src/_sbrk.o
 .debug_macro   0x00000b70       0x22 ./StdPeriph/stm_lib/src/_sbrk.o
 .debug_macro   0x00000b92      0x16d ./StdPeriph/stm_lib/src/_sbrk.o
 .debug_macro   0x00000cff       0x22 ./StdPeriph/stm_lib/src/_sbrk.o
 .debug_macro   0x00000d21       0xbe ./StdPeriph/stm_lib/src/_sbrk.o
 .debug_macro   0x00000ddf       0x10 ./StdPeriph/stm_lib/src/_sbrk.o
 .debug_macro   0x00000def      0x180 ./StdPeriph/stm_lib/src/_sbrk.o
 .debug_macro   0x00000f6f      0x23b ./StdPeriph/stm_lib/src/_sbrk.o
 .debug_macro   0x000011aa       0xa4 ./StdPeriph/stm_lib/src/misc.o
 .debug_macro   0x0000124e       0x50 ./StdPeriph/stm_lib/src/misc.o
 .debug_macro   0x0000129e       0x3a ./StdPeriph/stm_lib/src/misc.o
 .debug_macro   0x000012d8       0x44 ./StdPeriph/stm_lib/src/misc.o
 .debug_macro   0x0000131c       0x58 ./StdPeriph/stm_lib/src/misc.o
 .debug_macro   0x00001374      0x1df ./StdPeriph/stm_lib/src/misc.o
 .debug_macro   0x00001553       0x18 ./StdPeriph/stm_lib/src/misc.o
 .debug_macro   0x0000156b      0xbb1 ./StdPeriph/stm_lib/src/misc.o
 .debug_macro   0x0000211c     0x7edd ./StdPeriph/stm_lib/src/misc.o
 .debug_macro   0x00009ff9       0x85 ./StdPeriph/stm_lib/src/misc.o
 .debug_macro   0x0000a07e       0xfb ./StdPeriph/stm_lib/src/stm32f10x_dma.o
 .debug_macro   0x0000a179      0x3a7 ./StdPeriph/stm_lib/src/stm32f10x_dma.o
 .debug_macro   0x0000a520       0xf5 ./StdPeriph/stm_lib/src/stm32f10x_gpio.o
 .debug_macro   0x0000a615      0x2a6 ./StdPeriph/stm_lib/src/stm32f10x_gpio.o
 .debug_macro   0x0000a8bb      0x1ba ./StdPeriph/stm_lib/src/stm32f10x_rcc.o
 .debug_macro   0x0000aa75      0x3dc ./StdPeriph/stm_lib/src/stm32f10x_rcc.o
 .debug_macro   0x0000ae51      0x15b ./StdPeriph/stm_lib/src/stm32f10x_usart.o
 .debug_macro   0x0000afac      0x21a ./StdPeriph/stm_lib/src/stm32f10x_usart.o
 .debug_macro   0x0000b1c6       0xe2 ./StdPeriph/newlib/_exit.o
 .debug_macro   0x0000b2a8      0x10e ./StdPeriph/newlib/_exit.o
 .debug_macro   0x0000b3b6       0x86 ./StdPeriph/newlib/_exit.o
 .debug_macro   0x0000b43c       0x43 ./StdPeriph/newlib/_exit.o
 .debug_macro   0x0000b47f      0x27a ./StdPeriph/newlib/_exit.o
 .debug_macro   0x0000b6f9      0x1ad ./StdPeriph/newlib/_syscalls.o
 .debug_macro   0x0000b8a6       0x1c ./StdPeriph/newlib/_syscalls.o
 .debug_macro   0x0000b8c2       0x10 ./StdPeriph/newlib/_syscalls.o
 .debug_macro   0x0000b8d2       0x35 ./StdPeriph/newlib/_syscalls.o
 .debug_macro   0x0000b907       0x10 ./StdPeriph/newlib/_syscalls.o
 .debug_macro   0x0000b917       0x10 ./StdPeriph/newlib/_syscalls.o
 .debug_macro   0x0000b927       0x10 ./StdPeriph/newlib/_syscalls.o
 .debug_macro   0x0000b937       0x35 ./StdPeriph/newlib/_syscalls.o
 .debug_macro   0x0000b96c      0x122 ./StdPeriph/newlib/_syscalls.o
 .debug_macro   0x0000ba8e       0x2e ./StdPeriph/newlib/_syscalls.o
 .debug_macro   0x0000babc       0x82 ./StdPeriph/newlib/_syscalls.o
 .debug_macro   0x0000bb3e       0x2b ./StdPeriph/newlib/_syscalls.o
 .debug_macro   0x0000bb69      0x118 ./StdPeriph/newlib/_syscalls.o
 .debug_macro   0x0000bc81      0x13e ./StdPeriph/newlib/_syscalls.o
 .debug_macro   0x0000bdbf       0x16 ./StdPeriph/newlib/_syscalls.o
 .debug_macro   0x0000bdd5       0xaf ./StdPeriph/cmsis_boot/startup_cm.o
 .debug_macro   0x0000be84       0x9c ./StdPeriph/cmsis_boot/system_stm32f10x.o
 .debug_macro   0x0000bf20       0x11 ./StdPeriph/cmsis_boot/vectors_stm32f10x.o
 .debug_macro   0x0000bf31       0xad ./Extention/delay.o
 .debug_macro   0x0000bfde       0x1c ./Extention/delay.o
 .debug_macro   0x0000bffa      0xbb1 ./Extention/delay.o
 .debug_macro   0x0000cbab      0x145 ./Extention/operators.o
 .debug_macro   0x0000ccf0       0x1c ./Extention/operators.o
 .debug_macro   0x0000cd0c       0x35 ./Extention/operators.o
 .debug_macro   0x0000cd41       0x10 ./Extention/operators.o
 .debug_macro   0x0000cd51       0x16 ./Extention/operators.o
 .debug_macro   0x0000cd67      0x197 ./Extention/operators.o
 .debug_macro   0x0000cefe       0xc4 ./Driver/Dma.o
 .debug_macro   0x0000cfc2      0x3ad ./Driver/Dma.o
 .debug_macro   0x0000d36f       0x8b ./Driver/Dma.o
 .debug_macro   0x0000d3fa       0x5e ./Driver/Dma.o
 .debug_macro   0x0000d458      0x187 ./Driver/usart.o
 .debug_macro   0x0000d5df      0x174 ./Driver/usart.o
 .debug_macro   0x0000d753       0x10 ./Driver/usart.o
 .debug_macro   0x0000d763      0x2ac ./Driver/usart.o
 .debug_macro   0x0000da0f       0x3a ./Driver/usart.o
 .debug_macro   0x0000da49      0x1dd ./main.o
